ets Jun  8 2016 00:22:57

rst:0x1 (POWERON_RESET),boot:0x13 (SPI_FAST_FLASH_BOOT)
configsip: 0, SPIWP:0xee
clk_drv:0x00,q_drv:0x00,d_drv:0x00,cs0_drv:0x00,hd_drv:0x00,wp_drv:0x00
mode:DIO, clock div:2
load:0x3fff0030,len:6980
load:0x40078000,len:15088
ho 0 tail 12 room 4
load:0x40080400,len:3616
entry 0x40080664
[0;32mI (29) boot: ESP-IDF v5.0-dev-2586-ga82e6e63d9 2nd stage bootloader[0m
[0;32mI (29) boot: compile time 23:54:11[0m
[0;32mI (29) boot: chip revision: 1[0m
[0;32mI (33) boot_comm: chip revision: 1, min. bootloader chip revision: 0[0m
[0;32mI (40) boot.esp32: SPI Speed      : 40MHz[0m
[0;32mI (45) boot.esp32: SPI Mode       : DIO[0m
[0;32mI (49) boot.esp32: SPI Flash Size : 2MB[0m
[0;32mI (54) boot: Enabling RNG early entropy source...[0m
[0;32mI (59) boot: Partition Table:[0m
[0;32mI (63) boot: ## Label            Usage          Type ST Offset   Length[0m
[0;32mI (70) boot:  0 nvs              WiFi data        01 02 00009000 00006000[0m
[0;32mI (78) boot:  1 phy_init         RF data          01 01 0000f000 00001000[0m
[0;32mI (85) boot:  2 factory          factory app      00 00 00010000 00100000[0m
[0;32mI (93) boot: End of partition table[0m
[0;32mI (97) boot_comm: chip revision: 1, min. application chip revision: 0[0m
[0;32mI (104) esp_image: segment 0: paddr=00010020 vaddr=3f400020 size=06ae8h ( 27368) map[0m
[0;32mI (123) esp_image: segment 1: paddr=00016b10 vaddr=3ffb0000 size=01af8h (  6904) load[0m
[0;32mI (126) esp_image: segment 2: paddr=00018610 vaddr=40080000 size=07a08h ( 31240) load[0m
[0;32mI (142) esp_image: segment 3: paddr=00020020 vaddr=400d0020 size=10774h ( 67444) map[0m
[0;32mI (167) esp_image: segment 4: paddr=0003079c vaddr=40087a08 size=02bf4h ( 11252) load[0m
[0;32mI (172) esp_image: segment 5: paddr=00033398 vaddr=50000000 size=00010h (    16) load[0m
[0;32mI (178) boot: Loaded app from partition at offset 0x10000[0m
[0;32mI (179) boot: Disabling RNG early entropy source...[0m
[0;32mI (196) cpu_start: Pro cpu up.[0m
[0;32mI (196) cpu_start: Single core mode[0m
[0;32mI (204) cpu_start: Pro cpu start user code[0m
[0;32mI (204) cpu_start: cpu freq: 160000000 Hz[0m
[0;32mI (204) cpu_start: Application information:[0m
[0;32mI (209) cpu_start: Project name:     lab2a[0m
[0;32mI (214) cpu_start: App version:      74dd28e-dirty[0m
[0;32mI (219) cpu_start: Compile time:     May 25 2022 23:54:04[0m
[0;32mI (225) cpu_start: ELF file SHA256:  980dd26806c77a85...[0m
[0;32mI (231) cpu_start: ESP-IDF:          v5.0-dev-2586-ga82e6e63d9[0m
[0;32mI (238) heap_init: Initializing. RAM available for dynamic allocation:[0m
[0;32mI (245) heap_init: At 3FFAE6E0 len 00001920 (6 KiB): DRAM[0m
[0;32mI (251) heap_init: At 3FFB22E8 len 0002DD18 (183 KiB): DRAM[0m
[0;32mI (257) heap_init: At 3FFE0440 len 0001FBC0 (126 KiB): D/IRAM[0m
[0;32mI (264) heap_init: At 40078000 len 00008000 (32 KiB): IRAM[0m
[0;32mI (270) heap_init: At 4008A5FC len 00015A04 (86 KiB): IRAM[0m
[0;32mI (276) heap_init: At 3FF80000 len 00002000 (8 KiB): RTCRAM[0m
[0;32mI (283) spi_flash: detected chip: generic[0m
[0;32mI (287) spi_flash: flash io: dio[0m
[0;33mW (291) spi_flash: Detected size(4096k) larger than the size in the binary image header(2048k). Using the size in the binary image header.[0m
[0;32mI (304) cpu_start: Starting scheduler on PRO CPU.[0m
0:   vTask1 start, 0:   vTask1 end
0:   TaskIdle end (print from vTask2), 0:   vTask2 start, 0:   vTask2 end
0:   TaskIdle end (print from vTask2), 0:   vTask2 start, 0:   vTask2 end
1:   TaskIdle end (print from vTask2), 2:   vTask2 start, 2:   vTask2 end
1:   TaskIdle end (print from vTask2), 2:   vTask2 start, 2:   vTask2 end
1:   TaskIdle end (print from vTask2), 2:   vTask2 start, 2:   vTask2 end
1:   TaskIdle end (print from vTask2), 3:   vTask2 start, 3:   vTask2 end
4:   TaskIdle end (print from vTask2), 5:   vTask2 start, 5:   vTask2 end
4:   TaskIdle end (print from vTask2), 5:   vTask2 start, 5:   vTask2 end
4:   TaskIdle end (print from vTask2), 5:   vTask2 start, 5:   vTask2 end
4:   TaskIdle end (print from vTask2), 6:   vTask2 start, 6:   vTask2 end
4:   TaskIdle end (print from vTask2), 6:   vTask2 start, 6:   vTask2 end
7:   TaskIdle end (print from vTask2), 8:   vTask2 start, 8:   vTask2 end
7:   TaskIdle end (print from vTask2), 8:   vTask2 start, 8:   vTask2 end
7:   TaskIdle end (print from vTask2), 8:   vTask2 start, 8:   vTask2 end
7:   TaskIdle end (print from vTask2), 9:   vTask2 start, 9:   vTask2 end
10:   TaskIdle end (print from vTask2), 11:   vTask2 start, 11:   vTask2 end
10:   TaskIdle end (print from vTask2), 11:   vTask2 start, 11:   vTask2 end
10:   TaskIdle end (print from vTask2), 11:   vTask2 start, 11:   vTask2 end
10:   TaskIdle end (print from vTask2), 12:   vTask2 start, 12:   vTask2 end
10:   TaskIdle end (print from vTask2), 12:   vTask2 start, 12:   vTask2 end
13:   TaskIdle end (print from vTask2), 14:   vTask2 start, 14:   vTask2 end
13:   TaskIdle end (print from vTask2), 14:   vTask2 start, 14:   vTask2 end
13:   TaskIdle end (print from vTask2), 14:   vTask2 start, 14:   vTask2 end
13:   TaskIdle end (print from vTask2), 15:   vTask2 start, 15:   vTask2 end
16:   TaskIdle end (print from vTask2), 17:   vTask2 start, 17:   vTask2 end
16:   TaskIdle end (print from vTask2), 17:   vTask2 start, 17:   vTask2 end
16:   TaskIdle end (print from vTask2), 17:   vTask2 start, 17:   vTask2 end
16:   TaskIdle end (print from vTask2), 18:   vTask2 start, 18:   vTask2 end
16:   TaskIdle end (print from vTask2), 18:   vTask2 start, 18:   vTask2 end
19:   TaskIdle end (print from vTask2), 20:   vTask2 start, 20:   vTask2 end
19:   TaskIdle end (print from vTask2), 20:   vTask2 start, 20:   vTask2 end
19:   TaskIdle end (print from vTask2), 20:   vTask2 start, 20:   vTask2 end
19:   TaskIdle end (print from vTask2), 21:   vTask2 start, 21:   vTask2 end
22:   TaskIdle end (print from vTask2), 23:   vTask2 start, 23:   vTask2 end
22:   TaskIdle end (print from vTask2), 23:   vTask2 start, 23:   vTask2 end
22:   TaskIdle end (print from vTask2), 23:   vTask2 start, 23:   vTask2 end
22:   TaskIdle end (print from vTask2), 24:   vTask2 start, 24:   vTask2 end
22:   TaskIdle end (print from vTask2), 24:   vTask2 start, 24:   vTask2 end
25:   TaskIdle end (print from vTask2), 26:   vTask2 start, 26:   vTask2 end
25:   TaskIdle end (print from vTask2), 26:   vTask2 start, 26:   vTask2 end
25:   TaskIdle end (print from vTask2), 27:   vTask2 start, 27:   vTask2 end
25:   TaskIdle end (print from vTask2), 27:   vTask2 start, 27:   vTask2 end
28:   TaskIdle end (print from vTask2), 29:   vTask2 start, 29:   vTask2 end
28:   TaskIdle end (print from vTask2), 29:   vTask2 start, 29:   vTask2 end
28:   TaskIdle end (print from vTask2), 29:   vTask2 start, 29:   vTask2 end
28:   TaskIdle end (print from vTask2), 30:   vTask2 start, 30:   vTask2 end
31:   TaskIdle end (print from vTask2), 32:   vTask2 start, 32:   vTask2 end
31:   TaskIdle end (print from vTask2), 32:   vTask2 start, 32:   vTask2 end
31:   TaskIdle end (print from vTask2), 32:   vTask2 start, 32:   vTask2 end
31:   TaskIdle end (print from vTask2), 33:   vTask2 start, 33:   vTask2 end
31:   TaskIdle end (print from vTask2), 33:   vTask2 start, 33:   vTask2 end
34:   TaskIdle end (print from vTask2), 35:   vTask2 start, 35:   vTask2 end
34:   TaskIdle end (print from vTask2), 35:   vTask2 start, 35:   vTask2 end
34:   TaskIdle end (print from vTask2), 35:   vTask2 start, 35:   vTask2 end
34:   TaskIdle end (print from vTask2), 36:   vTask2 start, 36:   vTask2 end
37:   TaskIdle end (print from vTask2), 38:   vTask2 start, 38:   vTask2 end
37:   TaskIdle end (print from vTask2), 38:   vTask2 start, 38:   vTask2 end
37:   TaskIdle end (print from vTask2), 38:   vTask2 start, 38:   vTask2 end
37:   TaskIdle end (print from vTask2), 39:   vTask2 start, 39:   vTask2 end
37:   TaskIdle end (print from vTask2), 39:   vTask2 start, 39:   vTask2 end
40:   TaskIdle end (print from vTask2), 41:   vTask2 start, 41:   vTask2 end
40:   TaskIdle end (print from vTask2), 41:   vTask2 start, 41:   vTask2 end
40:   TaskIdle end (print from vTask2), 41:   vTask2 start, 41:   vTask2 end
40:   TaskIdle end (print from vTask2), 42:   vTask2 start, 42:   vTask2 end
43:   TaskIdle end (print from vTask2), 44:   vTask2 start, 44:   vTask2 end
43:   TaskIdle end (print from vTask2), 44:   vTask2 start, 44:   vTask2 end
43:   TaskIdle end (print from vTask2), 44:   vTask2 start, 44:   vTask2 end
43:   TaskIdle end (print from vTask2), 45:   vTask2 start, 45:   vTask2 end
43:   TaskIdle end (print from vTask2), 45:   vTask2 start, 45:   vTask2 end
46:   TaskIdle end (print from vTask2), 47:   vTask2 start, 47:   vTask2 end
46:   TaskIdle end (print from vTask2), 47:   vTask2 start, 47:   vTask2 end
46:   TaskIdle end (print from vTask2), 47:   vTask2 start, 47:   vTask2 end
46:   TaskIdle end (print from vTask2), 48:   vTask2 start, 48:   vTask2 end
50:   vTask1 start, 50:   vTask1 end
49:   TaskIdle end (print from vTask2), 50:   vTask2 start, 50:   vTask2 end
49:   TaskIdle end (print from vTask2), 50:   vTask2 start, 50:   vTask2 end
51:   TaskIdle end (print from vTask2), 52:   vTask2 start, 52:   vTask2 end
51:   TaskIdle end (print from vTask2), 52:   vTask2 start, 52:   vTask2 end
51:   TaskIdle end (print from vTask2), 52:   vTask2 start, 52:   vTask2 end
51:   TaskIdle end (print from vTask2), 53:   vTask2 start, 53:   vTask2 end
51:   TaskIdle end (print from vTask2), 53:   vTask2 start, 53:   vTask2 end
54:   TaskIdle end (print from vTask2), 55:   vTask2 start, 55:   vTask2 end
54:   TaskIdle end (print from vTask2), 55:   vTask2 start, 55:   vTask2 end
54:   TaskIdle end (print from vTask2), 55:   vTask2 start, 55:   vTask2 end
54:   TaskIdle end (print from vTask2), 56:   vTask2 start, 56:   vTask2 end
57:   TaskIdle end (print from vTask2), 58:   vTask2 start, 58:   vTask2 end
57:   TaskIdle end (print from vTask2), 58:   vTask2 start, 58:   vTask2 end
57:   TaskIdle end (print from vTask2), 58:   vTask2 start, 58:   vTask2 end
57:   TaskIdle end (print from vTask2), 59:   vTask2 start, 59:   vTask2 end
57:   TaskIdle end (print from vTask2), 59:   vTask2 start, 59:   vTask2 end
60:   TaskIdle end (print from vTask2), 61:   vTask2 start, 61:   vTask2 end
60:   TaskIdle end (print from vTask2), 61:   vTask2 start, 61:   vTask2 end
60:   TaskIdle end (print from vTask2), 61:   vTask2 start, 61:   vTask2 end
60:   TaskIdle end (print from vTask2), 62:   vTask2 start, 62:   vTask2 end
63:   TaskIdle end (print from vTask2), 64:   vTask2 start, 64:   vTask2 end
63:   TaskIdle end (print from vTask2), 64:   vTask2 start, 64:   vTask2 end
63:   TaskIdle end (print from vTask2), 64:   vTask2 start, 64:   vTask2 end
63:   TaskIdle end (print from vTask2), 65:   vTask2 start, 65:   vTask2 end
63:   TaskIdle end (print from vTask2), 65:   vTask2 start, 65:   vTask2 end
66:   TaskIdle end (print from vTask2), 67:   vTask2 start, 67:   vTask2 end
66:   TaskIdle end (print from vTask2), 67:   vTask2 start, 67:   vTask2 end
66:   TaskIdle end (print from vTask2), 67:   vTask2 start, 67:   vTask2 end
66:   TaskIdle end (print from vTask2), 68:   vTask2 start, 68:   vTask2 end
69:   TaskIdle end (print from vTask2), 70:   vTask2 start, 70:   vTask2 end
69:   TaskIdle end (print from vTask2), 70:   vTask2 start, 70:   vTask2 end
69:   TaskIdle end (print from vTask2), 70:   vTask2 start, 70:   vTask2 end
69:   TaskIdle end (print from vTask2), 71:   vTask2 start, 71:   vTask2 end
72:   TaskIdle end (print from vTask2), 73:   vTask2 start, 73:   vTask2 end
72:   TaskIdle end (print from vTask2), 73:   vTask2 start, 73:   vTask2 end
72:   TaskIdle end (print from vTask2), 73:   vTask2 start, 73:   vTask2 end
72:   TaskIdle end (print from vTask2), 74:   vTask2 start, 74:   vTask2 end
72:   TaskIdle end (print from vTask2), 74:   vTask2 start, 74:   vTask2 end
75:   TaskIdle end (print from vTask2), 76:   vTask2 start, 76:   vTask2 end
75:   TaskIdle end (print from vTask2), 76:   vTask2 start, 76:   vTask2 end
75:   TaskIdle end (print from vTask2), 76:   vTask2 start, 76:   vTask2 end
75:   TaskIdle end (print from vTask2), 77:   vTask2 start, 77:   vTask2 end
78:   TaskIdle end (print from vTask2), 79:   vTask2 start, 79:   vTask2 end
78:   TaskIdle end (print from vTask2), 79:   vTask2 start, 79:   vTask2 end
78:   TaskIdle end (print from vTask2), 79:   vTask2 start, 79:   vTask2 end
78:   TaskIdle end (print from vTask2), 80:   vTask2 start, 80:   vTask2 end
78:   TaskIdle end (print from vTask2), 80:   vTask2 start, 80:   vTask2 end
81:   TaskIdle end (print from vTask2), 82:   vTask2 start, 82:   vTask2 end
81:   TaskIdle end (print from vTask2), 82:   vTask2 start, 82:   vTask2 end
81:   TaskIdle end (print from vTask2), 82:   vTask2 start, 82:   vTask2 end
81:   TaskIdle end (print from vTask2), 83:   vTask2 start, 83:   vTask2 end
84:   TaskIdle end (print from vTask2), 85:   vTask2 start, 85:   vTask2 end
84:   TaskIdle end (print from vTask2), 85:   vTask2 start, 85:   vTask2 end
84:   TaskIdle end (print from vTask2), 85:   vTask2 start, 85:   vTask2 end
84:   TaskIdle end (print from vTask2), 86:   vTask2 start, 86:   vTask2 end
84:   TaskIdle end (print from vTask2), 86:   vTask2 start, 86:   vTask2 end
87:   TaskIdle end (print from vTask2), 88:   vTask2 start, 88:   vTask2 end
87:   TaskIdle end (print from vTask2), 88:   vTask2 start, 88:   vTask2 end
87:   TaskIdle end (print from vTask2), 88:   vTask2 start, 88:   vTask2 end
87:   TaskIdle end (print from vTask2), 89:   vTask2 start, 89:   vTask2 end
90:   TaskIdle end (print from vTask2), 91:   vTask2 start, 91:   vTask2 end
90:   TaskIdle end (print from vTask2), 91:   vTask2 start, 91:   vTask2 end
90:   TaskIdle end (print from vTask2), 91:   vTask2 start, 91:   vTask2 end
90:   TaskIdle end (print from vTask2), 92:   vTask2 start, 92:   vTask2 end
93:   TaskIdle end (print from vTask2), 94:   vTask2 start, 94:   vTask2 end
93:   TaskIdle end (print from vTask2), 94:   vTask2 start, 94:   vTask2 end
93:   TaskIdle end (print from vTask2), 94:   vTask2 start, 94:   vTask2 end
93:   TaskIdle end (print from vTask2), 95:   vTask2 start, 95:   vTask2 end
93:   TaskIdle end (print from vTask2), 95:   vTask2 start, 95:   vTask2 end
96:   TaskIdle end (print from vTask2), 97:   vTask2 start, 97:   vTask2 end
96:   TaskIdle end (print from vTask2), 97:   vTask2 start, 97:   vTask2 end
96:   TaskIdle end (print from vTask2), 97:   vTask2 start, 97:   vTask2 end
96:   TaskIdle end (print from vTask2), 98:   vTask2 start, 98:   vTask2 end
100:   vTask1 start, 100:   vTask1 end
99:   TaskIdle end (print from vTask2), 100:   vTask2 start, 100:   vTask2 end
99:   TaskIdle end (print from vTask2), 100:   vTask2 start, 100:   vTask2 end
99:   TaskIdle end (print from vTask2), 100:   vTask2 start, 100:   vTask2 end
101:   TaskIdle end (print from vTask2), 102:   vTask2 start, 102:   vTask2 end
101:   TaskIdle end (print from vTask2), 102:   vTask2 start, 102:   vTask2 end
101:   TaskIdle end (print from vTask2), 102:   vTask2 start, 102:   vTask2 end
101:   TaskIdle end (print from vTask2), 103:   vTask2 start, 103:   vTask2 end
104:   TaskIdle end (print from vTask2), 105:   vTask2 start, 105:   vTask2 end
104:   TaskIdle end (print from vTask2), 105:   vTask2 start, 105:   vTask2 end
104:   TaskIdle end (print from vTask2), 105:   vTask2 start, 105:   vTask2 end
104:   TaskIdle end (print from vTask2), 106:   vTask2 start, 106:   vTask2 end
107:   TaskIdle end (print from vTask2), 108:   vTask2 start, 108:   vTask2 end
107:   TaskIdle end (print from vTask2), 108:   vTask2 start, 108:   vTask2 end
107:   TaskIdle end (print from vTask2), 108:   vTask2 start, 108:   vTask2 end
107:   TaskIdle end (print from vTask2), 109:   vTask2 start, 109:   vTask2 end
107:   TaskIdle end (print from vTask2), 109:   vTask2 start, 109:   vTask2 end
110:   TaskIdle end (print from vTask2), 111:   vTask2 start, 111:   vTask2 end
110:   TaskIdle end (print from vTask2), 111:   vTask2 start, 111:   vTask2 end
110:   TaskIdle end (print from vTask2), 112:   vTask2 start, 112:   vTask2 end
110:   TaskIdle end (print from vTask2), 112:   vTask2 start, 112:   vTask2 end
113:   TaskIdle end (print from vTask2), 114:   vTask2 start, 114:   vTask2 end
113:   TaskIdle end (print from vTask2), 114:   vTask2 start, 114:   vTask2 end
113:   TaskIdle end (print from vTask2), 114:   vTask2 start, 114:   vTask2 end
113:   TaskIdle end (print from vTask2), 115:   vTask2 start, 115:   vTask2 end
116:   TaskIdle end (print from vTask2), 117:   vTask2 start, 117:   vTask2 end
116:   TaskIdle end (print from vTask2), 117:   vTask2 start, 117:   vTask2 end
116:   TaskIdle end (print from vTask2), 117:   vTask2 start, 117:   vTask2 end
116:   TaskIdle end (print from vTask2), 118:   vTask2 start, 118:   vTask2 end
119:   TaskIdle end (print from vTask2), 120:   vTask2 start, 120:   vTask2 end
119:   TaskIdle end (print from vTask2)ï¿½